00000000 c7fe                LGOTO    0x1; __nyc_ny8_startup=0x1
__nyc_ny8_startup:
00000001 d45b                LCALL    0x3a4; ___cinit_load__=0x3a4
00000002 c449                LGOTO    0x3b6; _main=0x3b6
_F_wait_eoc:
detect.o:_02022_DS_:
crt0.o:crt0_end:
00000003 f56f                BTRSS    ADMD, EOC
00000004 c7fc                LGOTO    0x3; _F_wait_eoc=0x3
00000005 ffef                RET
_lvr_init:
00000006 e677                BSR      PCON, LVREN
00000007 ffef                RET
00000008 c73b                LGOTO    0xc4; _isr=0xc4
_SmokeFun:
00000009 fecc                MOVR     0x33, ToAcc
0000000a f2fc                BTRSC    STATUS, Z
0000000b c7de                LGOTO    0x21; detect.o:_02292_DS_=0x21
0000000c fecc                MOVR     0x33, ToAcc
0000000d dbfe                XORIA    0x1
0000000e f2fc                BTRSC    STATUS, Z
0000000f c7a1                LGOTO    0x5e; detect.o:_02314_DS_=0x5e
00000010 fecc                MOVR     0x33, ToAcc
00000011 dbfd                XORIA    0x2
00000012 f2fc                BTRSC    STATUS, Z
00000013 c79b                LGOTO    0x64; detect.o:_02315_DS_=0x64
00000014 fecc                MOVR     0x33, ToAcc
00000015 dbfc                XORIA    0x3
00000016 f2fc                BTRSC    STATUS, Z
00000017 c77a                LGOTO    0x85; detect.o:_02324_DS_=0x85
00000018 fecc                MOVR     0x33, ToAcc
00000019 dbfb                XORIA    0x4
0000001a f2fc                BTRSC    STATUS, Z
0000001b c770                LGOTO    0x8f; detect.o:_02325_DS_=0x8f
0000001c fecc                MOVR     0x33, ToAcc
0000001d dbfa                XORIA    0x5
0000001e f2fc                BTRSC    STATUS, Z
0000001f c74a                LGOTO    0xb5; detect.o:_02333_DS_=0xb5
00000020 c73c                LGOTO    0xc3; detect.o:_02340_DS_=0xc3
detect.o:_02292_DS_:
00000021 f426                BTRSS    0x59, 0x7
00000022 c7da                LGOTO    0x25; detect.o:_02294_DS_=0x25
00000023 e026                BCR      0x59, 0x7
00000024 e1fa                BCR      PORTA, PA4
detect.o:_02294_DS_:
00000025 f327                BTRSC    0x58, 0x1
00000026 c73c                LGOTO    0xc3; detect.o:_02340_DS_=0xc3
00000027 f4a8                BTRSS    0x57, 0x6
00000028 c73c                LGOTO    0xc3; detect.o:_02340_DS_=0xc3
00000029 e128                BCR      0x57, 0x5
0000002a f1a8                BTRSC    0x57, 0x4
0000002b c73c                LGOTO    0xc3; detect.o:_02340_DS_=0xc3
0000002c f425                BTRSS    0x5a, 0x7
0000002d c73c                LGOTO    0xc3; detect.o:_02340_DS_=0xc3
0000002e e025                BCR      0x5a, 0x7
0000002f fe9a                MOVR     0x65, ToAcc
00000030 dbfe                XORIA    0x1
00000031 f2fc                BTRSC    STATUS, Z
00000032 c7ca                LGOTO    0x35; detect.o:_02300_DS_=0x35
00000033 defc                MOVIA    0x3
00000034 d4d6                LCALL    0x329; _adc_init4=0x329
detect.o:_02300_DS_:
00000035 def4                MOVIA    0xb
00000036 d6b4                LCALL    0x14b; _adc_get=0x14b
00000037 ff5a                MOVAR    0x25
00000038 fe84                MOVR     0x7b, ToAcc
00000039 ff5b                MOVAR    0x24
0000003a dec2                MOVIA    0x3d
0000003b fbdb                SUBAR    0x24, ToAcc
0000003c def7                MOVIA    0x8
0000003d cada                SBCAR    0x25, ToAcc
0000003e f7fc                BTRSS    STATUS, C
0000003f c7af                LGOTO    0x50; detect.o:_02308_DS_=0x50
00000040 fd4e                CLRR     0x31
00000041 fa5f                INCR     0x20, ToReg
00000042 f2fc                BTRSC    STATUS, Z
00000043 fa5e                INCR     0x21, ToReg
00000044 deeb                MOVIA    0x14
00000045 fbdf                SUBAR    0x20, ToAcc
00000046 deff                MOVIA    0x0
00000047 cade                SBCAR    0x21, ToAcc
00000048 f7fc                BTRSS    STATUS, C
00000049 c73c                LGOTO    0xc3; detect.o:_02340_DS_=0xc3
0000004a fd5f                CLRR     0x20
0000004b fd5e                CLRR     0x21
0000004c e5a8                BSR      0x57, 0x4
0000004d def8                MOVIA    0x7
0000004e ff3a                MOVAR    0x45
0000004f c73c                LGOTO    0xc3; detect.o:_02340_DS_=0xc3
detect.o:_02308_DS_:
00000050 fd5f                CLRR     0x20
00000051 fd5e                CLRR     0x21
00000052 fa4e                INCR     0x31, ToReg
00000053 deea                MOVIA    0x15
00000054 fbce                SUBAR    0x31, ToAcc
00000055 f7fc                BTRSS    STATUS, C
00000056 c73c                LGOTO    0xc3; detect.o:_02340_DS_=0xc3
00000057 fd4e                CLRR     0x31
00000058 f5a8                BTRSS    0x57, 0x4
00000059 c73c                LGOTO    0xc3; detect.o:_02340_DS_=0xc3
0000005a e1a8                BCR      0x57, 0x4
0000005b defc                MOVIA    0x3
0000005c ff3a                MOVAR    0x45
0000005d c73c                LGOTO    0xc3; detect.o:_02340_DS_=0xc3
detect.o:_02314_DS_:
0000005e e526                BSR      0x59, 0x5
0000005f defe                MOVIA    0x1
00000060 d4d6                LCALL    0x329; _adc_init4=0x329
00000061 defd                MOVIA    0x2
00000062 ff4c                MOVAR    0x33
00000063 c73c                LGOTO    0xc3; detect.o:_02340_DS_=0xc3
detect.o:_02315_DS_:
00000064 deeb                MOVIA    0x14
00000065 fb99                SUBAR    0x66, ToAcc
00000066 f3fc                BTRSC    STATUS, C
00000067 c78e                LGOTO    0x71; detect.o:_02317_DS_=0x71
00000068 def4                MOVIA    0xb
00000069 d6b4                LCALL    0x14b; _adc_get=0x14b
0000006a ff5a                MOVAR    0x25
0000006b fe84                MOVR     0x7b, ToAcc
0000006c ff5b                MOVAR    0x24
0000006d deeb                MOVIA    0x14
0000006e fc5b                ADDAR    0x24, ToReg
0000006f deff                MOVIA    0x0
00000070 cb5a                ADCAR    0x25, ToReg
detect.o:_02317_DS_:
00000071 f4a8                BTRSS    0x57, 0x6
00000072 c789                LGOTO    0x76; detect.o:_02319_DS_=0x76
00000073 defc                MOVIA    0x3
00000074 ff4c                MOVAR    0x33
00000075 c73c                LGOTO    0xc3; detect.o:_02340_DS_=0xc3
detect.o:_02319_DS_:
00000076 de19                MOVIA    0xe6
00000077 fbdb                SUBAR    0x24, ToAcc
00000078 def9                MOVIA    0x6
00000079 cada                SBCAR    0x25, ToAcc
0000007a f7fc                BTRSS    STATUS, C
0000007b c781                LGOTO    0x7e; detect.o:_02320_DS_=0x7e
0000007c f528                BTRSS    0x57, 0x5
0000007d c77d                LGOTO    0x82; detect.o:_02321_DS_=0x82
detect.o:_02320_DS_:
0000007e def7                MOVIA    0x8
0000007f ff3a                MOVAR    0x45
00000080 e328                BCR      0x57, 0x1
00000081 c73c                LGOTO    0xc3; detect.o:_02340_DS_=0xc3
detect.o:_02321_DS_:
00000082 defc                MOVIA    0x3
00000083 ff4c                MOVAR    0x33
00000084 c73c                LGOTO    0xc3; detect.o:_02340_DS_=0xc3
detect.o:_02324_DS_:
00000085 e526                BSR      0x59, 0x5
00000086 deff                MOVIA    0x0
00000087 d6b4                LCALL    0x14b; _adc_get=0x14b
00000088 ff5c                MOVAR    0x23
00000089 fe84                MOVR     0x7b, ToAcc
0000008a ff5d                MOVAR    0x22
0000008b e126                BCR      0x59, 0x5
0000008c defb                MOVIA    0x4
0000008d ff4c                MOVAR    0x33
0000008e c73c                LGOTO    0xc3; detect.o:_02340_DS_=0xc3
detect.o:_02325_DS_:
0000008f defc                MOVIA    0x3
00000090 d4d6                LCALL    0x329; _adc_init4=0x329
00000091 deff                MOVIA    0x0
00000092 d6b4                LCALL    0x14b; _adc_get=0x14b
00000093 e328                BCR      0x57, 0x1
00000094 e727                BSR      0x58, 0x1
00000095 dee4                MOVIA    0x1b
00000096 ff55                MOVAR    0x2a
00000097 defc                MOVIA    0x3
00000098 ff54                MOVAR    0x2b
00000099 de0a                MOVIA    0xf5
0000009a ff59                MOVAR    0x26
0000009b fd58                CLRR     0x27
0000009c d556                LCALL    0x2a9; _BaseBatSetPWMValue=0x2a9
0000009d fd40                CLRR     0x3f
0000009e f0a8                BTRSC    0x57, 0x6
0000009f c75b                LGOTO    0xa4; detect.o:_02326_DS_=0xa4
000000a0 f57a                BTRSS    PORTA, PA5
000000a1 c75b                LGOTO    0xa4; detect.o:_02326_DS_=0xa4
000000a2 f6fa                BTRSS    PORTA, PA2
000000a3 c759                LGOTO    0xa6; detect.o:_02327_DS_=0xa6
detect.o:_02326_DS_:
000000a4 e426                BSR      0x59, 0x7
000000a5 e5fa                BSR      PORTA, PA4
detect.o:_02327_DS_:
000000a6 defa                MOVIA    0x5
000000a7 ff4c                MOVAR    0x33
000000a8 de33                MOVIA    0xcc
000000a9 fbdb                SUBAR    0x24, ToAcc
000000aa def8                MOVIA    0x7
000000ab cada                SBCAR    0x25, ToAcc
000000ac f7fc                BTRSS    STATUS, C
000000ad c74e                LGOTO    0xb1; detect.o:_02331_DS_=0xb1
000000ae fecd                MOVR     0x32, ToAcc
000000af ff3f                MOVAR    0x40
000000b0 c74c                LGOTO    0xb3; detect.o:_02332_DS_=0xb3
detect.o:_02331_DS_:
000000b1 deb9                MOVIA    0x46
000000b2 ff3f                MOVAR    0x40
detect.o:_02332_DS_:
000000b3 e3a6                BCR      0x59, 0x0
000000b4 c73c                LGOTO    0xc3; detect.o:_02340_DS_=0xc3
detect.o:_02333_DS_:
000000b5 f727                BTRSS    0x58, 0x1
000000b6 c73e                LGOTO    0xc1; detect.o:_02338_DS_=0xc1
000000b7 fed8                MOVR     0x27, ToAcc
000000b8 eed9                IORAR    0x26, ToAcc
000000b9 f6fc                BTRSS    STATUS, Z
000000ba c73e                LGOTO    0xc1; detect.o:_02338_DS_=0xc1
000000bb f3a6                BTRSC    0x59, 0x0
000000bc c73e                LGOTO    0xc1; detect.o:_02338_DS_=0xc1
000000bd e7a6                BSR      0x59, 0x0
000000be d556                LCALL    0x2a9; _BaseBatSetPWMValue=0x2a9
000000bf fecd                MOVR     0x32, ToAcc
000000c0 ff3f                MOVAR    0x40
detect.o:_02338_DS_:
000000c1 defd                MOVIA    0x2
000000c2 d5f4                LCALL    0x20b; _led_mode_set=0x20b
detect.o:_02340_DS_:
000000c3 ffef                RET
_isr:
isr.o:__sdcc_interrupt:
000000c4 ff02                MOVAR    0x7d
000000c5 eafc                SWAPR    STATUS, ToAcc
000000c6 fd7c                CLRR     STATUS
000000c7 ff01                MOVAR    0x7e
000000c8 fef5                MOVR     PCHBUF, ToAcc
000000c9 fd75                CLRR     PCHBUF
000000ca ff00                MOVAR    0x7f
000000cb fefb                MOVR     FSR, ToAcc
000000cc ff3d                MOVAR    0x42
000000cd fe84                MOVR     0x7b, ToAcc
000000ce ff3c                MOVAR    0x43
000000cf fe83                MOVR     0x7c, ToAcc
000000d0 ff3b                MOVAR    0x44
000000d1 f7f0                BTRSS    INTF, T0IF
000000d2 c6ef                LGOTO    0x110; isr.o:_02026_DS_=0x110
000000d3 de01                MOVIA    0xfe
000000d4 ff70                MOVAR    INTF
000000d5 de5c                MOVIA    0xa3
000000d6 ff7e                MOVAR    TMR0
000000d7 fa3e                INCR     0x41, ToReg
000000d8 def5                MOVIA    0xa
000000d9 fbbe                SUBAR    0x41, ToAcc
000000da f7fc                BTRSS    STATUS, C
000000db c6ef                LGOTO    0x110; isr.o:_02026_DS_=0x110
000000dc fd3e                CLRR     0x41
000000dd e5a6                BSR      0x59, 0x4
000000de fed2                MOVR     0x2d, ToAcc
000000df eed3                IORAR    0x2c, ToAcc
000000e0 f2fc                BTRSC    STATUS, Z
000000e1 c719                LGOTO    0xe6; isr.o:_02010_DS_=0xe6
000000e2 de00                MOVIA    0xff
000000e3 fc53                ADDAR    0x2c, ToReg
000000e4 de00                MOVIA    0xff
000000e5 cb52                ADCAR    0x2d, ToReg
isr.o:_02010_DS_:
000000e6 fed8                MOVR     0x27, ToAcc
000000e7 eed9                IORAR    0x26, ToAcc
000000e8 f2fc                BTRSC    STATUS, Z
000000e9 c711                LGOTO    0xee; isr.o:_02012_DS_=0xee
000000ea de00                MOVIA    0xff
000000eb fc59                ADDAR    0x26, ToReg
000000ec de00                MOVIA    0xff
000000ed cb58                ADCAR    0x27, ToReg
isr.o:_02012_DS_:
000000ee fa17                INCR     0x68, ToReg
000000ef def6                MOVIA    0x9
000000f0 fb97                SUBAR    0x68, ToAcc
000000f1 f7fc                BTRSS    STATUS, C
000000f2 c6ef                LGOTO    0x110; isr.o:_02026_DS_=0x110
000000f3 fd17                CLRR     0x68
000000f4 d5a0                LCALL    0x25f; _led_dis_loop_func=0x25f
000000f5 e5a5                BSR      0x5a, 0x4
000000f6 e628                BSR      0x57, 0x3
000000f7 e525                BSR      0x5a, 0x5
000000f8 e725                BSR      0x5a, 0x1
000000f9 e4a7                BSR      0x58, 0x6
000000fa e7a7                BSR      0x58, 0x0
000000fb fed4                MOVR     0x2b, ToAcc
000000fc eed5                IORAR    0x2a, ToAcc
000000fd f2fc                BTRSC    STATUS, Z
000000fe c6fc                LGOTO    0x103; isr.o:_02014_DS_=0x103
000000ff de00                MOVIA    0xff
00000100 fc55                ADDAR    0x2a, ToReg
00000101 de00                MOVIA    0xff
00000102 cb54                ADCAR    0x2b, ToReg
isr.o:_02014_DS_:
00000103 fe99                MOVR     0x66, ToAcc
00000104 f6fc                BTRSS    STATUS, Z
00000105 f919                DECR     0x66, ToReg
00000106 feb4                MOVR     0x4b, ToAcc
00000107 f6fc                BTRSS    STATUS, Z
00000108 f934                DECR     0x4b, ToReg
00000109 fa16                INCR     0x69, ToReg
0000010a def5                MOVIA    0xa
0000010b fb96                SUBAR    0x69, ToAcc
0000010c f7fc                BTRSS    STATUS, C
0000010d c6ef                LGOTO    0x110; isr.o:_02026_DS_=0x110
0000010e fd16                CLRR     0x69
0000010f e425                BSR      0x5a, 0x7
isr.o:_02026_DS_:
00000110 f670                BTRSS    INTF, T1IF
00000111 c6c2                LGOTO    0x13d; isr.o:_02037_DS_=0x13d
00000112 de08                MOVIA    0xf7
00000113 ff70                MOVAR    INTF
00000114 fecc                MOVR     0x33, ToAcc
00000115 dbfa                XORIA    0x5
00000116 f6fc                BTRSS    STATUS, Z
00000117 c6c5                LGOTO    0x13a; isr.o:_02033_DS_=0x13a
00000118 fa40                INCR     0x3f, ToReg
00000119 deb9                MOVIA    0x46
0000011a fbc0                SUBAR    0x3f, ToAcc
0000011b f3fc                BTRSC    STATUS, C
0000011c fd40                CLRR     0x3f
0000011d febf                MOVR     0x40, ToAcc
0000011e fbc0                SUBAR    0x3f, ToAcc
0000011f f3fc                BTRSC    STATUS, C
00000120 c6c8                LGOTO    0x137; isr.o:_02030_DS_=0x137
00000121 e2f9                BCR      PORTB, PB2
00000122 e4ef                BSR      ADMD, START
00000123 d7fc                LCALL    0x3; _F_wait_eoc=0x3
00000124 e4ef                BSR      ADMD, START
00000125 d7fc                LCALL    0x3; _F_wait_eoc=0x3
00000126 feed                MOVR     ADD, ToAcc
00000127 ff57                MOVAR    0x28
00000128 fd56                CLRR     0x29
00000129 ead6                SWAPR    0x29, ToAcc
0000012a dd0f                ANDIA    0xf0
0000012b ff56                MOVAR    0x29
0000012c ead7                SWAPR    0x28, ToAcc
0000012d ff57                MOVAR    0x28
0000012e ddf0                ANDIA    0xf
0000012f ee56                IORAR    0x29, ToReg
00000130 ed57                XORAR    0x28, ToReg
00000131 def0                MOVIA    0xf
00000132 efee                ANDAR    ADR, ToAcc
00000133 ee57                IORAR    0x28, ToReg
00000134 deff                MOVIA    0x0
00000135 ee56                IORAR    0x29, ToReg
00000136 c6c2                LGOTO    0x13d; isr.o:_02037_DS_=0x13d
isr.o:_02030_DS_:
00000137 e6f9                BSR      PORTB, PB2
00000138 fd18                CLRR     0x67
00000139 c6c2                LGOTO    0x13d; isr.o:_02037_DS_=0x13d
isr.o:_02033_DS_:
0000013a fd3f                CLRR     0x40
0000013b e6f9                BSR      PORTB, PB2
0000013c fd18                CLRR     0x67
isr.o:_02037_DS_:
0000013d febb                MOVR     0x44, ToAcc
0000013e ff03                MOVAR    0x7c
0000013f febc                MOVR     0x43, ToAcc
00000140 ff04                MOVAR    0x7b
00000141 febd                MOVR     0x42, ToAcc
00000142 ff7b                MOVAR    FSR
00000143 fe80                MOVR     0x7f, ToAcc
00000144 ff75                MOVAR    PCHBUF
00000145 fd7c                CLRR     STATUS
00000146 ea81                SWAPR    0x7e, ToAcc
00000147 ff7c                MOVAR    STATUS
00000148 ea02                SWAPR    0x7d, ToReg
00000149 ea82                SWAPR    0x7d, ToAcc
isr.o:END_OF_INTERRUPT:
0000014a ffee                RETIE
_adc_get:
0000014b ff4b                MOVAR    0x34
0000014c e027                BCR      0x58, 0x7
0000014d de6f                MOVIA    0x90
0000014e eecb                IORAR    0x34, ToAcc
0000014f ff6f                MOVAR    ADMD
00000150 e4ef                BSR      ADMD, START
detect.o:_02044_DS_:
00000151 f56f                BTRSS    ADMD, EOC
00000152 c6ae                LGOTO    0x151; detect.o:_02044_DS_=0x151
00000153 fd1e                CLRR     0x61
00000154 fd1d                CLRR     0x62
00000155 fd20                CLRR     0x5f
00000156 deef                MOVIA    0x10
00000157 ff1f                MOVAR    0x60
00000158 fd22                CLRR     0x5d
00000159 fd21                CLRR     0x5e
0000015a fd4b                CLRR     0x34
detect.o:_02056_DS_:
0000015b def5                MOVIA    0xa
0000015c fbcb                SUBAR    0x34, ToAcc
0000015d f3fc                BTRSC    STATUS, C
0000015e c671                LGOTO    0x18e; detect.o:_02054_DS_=0x18e
0000015f e4ef                BSR      ADMD, START
detect.o:_02047_DS_:
00000160 f56f                BTRSS    ADMD, EOC
00000161 c69f                LGOTO    0x160; detect.o:_02047_DS_=0x160
00000162 feed                MOVR     ADD, ToAcc
00000163 ff4a                MOVAR    0x35
00000164 fd49                CLRR     0x36
00000165 eac9                SWAPR    0x36, ToAcc
00000166 dd0f                ANDIA    0xf0
00000167 ff47                MOVAR    0x38
00000168 eaca                SWAPR    0x35, ToAcc
00000169 ff48                MOVAR    0x37
0000016a ddf0                ANDIA    0xf
0000016b ee47                IORAR    0x38, ToReg
0000016c ed48                XORAR    0x37, ToReg
0000016d def0                MOVIA    0xf
0000016e efee                ANDAR    ADR, ToAcc
0000016f ff4a                MOVAR    0x35
00000170 ff49                MOVAR    0x36
00000171 fc48                ADDAR    0x37, ToReg
00000172 deff                MOVIA    0x0
00000173 cb47                ADCAR    0x38, ToReg
00000174 fec8                MOVR     0x37, ToAcc
00000175 fba2                SUBAR    0x5d, ToAcc
00000176 fec7                MOVR     0x38, ToAcc
00000177 caa1                SBCAR    0x5e, ToAcc
00000178 f3fc                BTRSC    STATUS, C
00000179 c681                LGOTO    0x17e; detect.o:_02051_DS_=0x17e
0000017a fec8                MOVR     0x37, ToAcc
0000017b ff22                MOVAR    0x5d
0000017c fec7                MOVR     0x38, ToAcc
0000017d ff21                MOVAR    0x5e
detect.o:_02051_DS_:
0000017e fea0                MOVR     0x5f, ToAcc
0000017f fbc8                SUBAR    0x37, ToAcc
00000180 fe9f                MOVR     0x60, ToAcc
00000181 cac7                SBCAR    0x38, ToAcc
00000182 f3fc                BTRSC    STATUS, C
00000183 c677                LGOTO    0x188; detect.o:_02053_DS_=0x188
00000184 fec8                MOVR     0x37, ToAcc
00000185 ff20                MOVAR    0x5f
00000186 fec7                MOVR     0x38, ToAcc
00000187 ff1f                MOVAR    0x60
detect.o:_02053_DS_:
00000188 fec8                MOVR     0x37, ToAcc
00000189 fc1e                ADDAR    0x61, ToReg
0000018a fec7                MOVR     0x38, ToAcc
0000018b cb1d                ADCAR    0x62, ToReg
0000018c fa4b                INCR     0x34, ToReg
0000018d c6a4                LGOTO    0x15b; detect.o:_02056_DS_=0x15b
detect.o:_02054_DS_:
0000018e fea2                MOVR     0x5d, ToAcc
0000018f fb1e                SUBAR    0x61, ToReg
00000190 fea1                MOVR     0x5e, ToAcc
00000191 ca1d                SBCAR    0x62, ToReg
00000192 fea0                MOVR     0x5f, ToAcc
00000193 fb1e                SUBAR    0x61, ToReg
00000194 fe9f                MOVR     0x60, ToAcc
00000195 ca1d                SBCAR    0x62, ToReg
00000196 e3fc                BCR      STATUS, C
00000197 ec9d                RRR      0x62, ToAcc
00000198 ff4a                MOVAR    0x35
00000199 ec9e                RRR      0x61, ToAcc
0000019a ff4b                MOVAR    0x34
0000019b e3fc                BCR      STATUS, C
0000019c ec4a                RRR      0x35, ToReg
0000019d ec4b                RRR      0x34, ToReg
0000019e e3fc                BCR      STATUS, C
0000019f ec4a                RRR      0x35, ToReg
000001a0 ec4b                RRR      0x34, ToReg
000001a1 e427                BSR      0x58, 0x7
000001a2 fecb                MOVR     0x34, ToAcc
000001a3 ff04                MOVAR    0x7b
000001a4 feca                MOVR     0x35, ToAcc
000001a5 ffef                RET
_msg_handle:
000001a6 feba                MOVR     0x45, ToAcc
000001a7 dbfe                XORIA    0x1
000001a8 f2fc                BTRSC    STATUS, Z
000001a9 c638                LGOTO    0x1c7; main.o:_02037_DS_=0x1c7
000001aa feba                MOVR     0x45, ToAcc
000001ab dbfd                XORIA    0x2
000001ac f2fc                BTRSC    STATUS, Z
000001ad c627                LGOTO    0x1d8; main.o:_02039_DS_=0x1d8
000001ae feba                MOVR     0x45, ToAcc
000001af dbfc                XORIA    0x3
000001b0 f2fc                BTRSC    STATUS, Z
000001b1 c61e                LGOTO    0x1e1; main.o:_02040_DS_=0x1e1
000001b2 feba                MOVR     0x45, ToAcc
000001b3 dbfb                XORIA    0x4
000001b4 f2fc                BTRSC    STATUS, Z
000001b5 c60a                LGOTO    0x1f5; main.o:_02042_DS_=0x1f5
000001b6 feba                MOVR     0x45, ToAcc
000001b7 dbf8                XORIA    0x7
000001b8 f2fc                BTRSC    STATUS, Z
000001b9 c60f                LGOTO    0x1f0; main.o:_02041_DS_=0x1f0
000001ba feba                MOVR     0x45, ToAcc
000001bb dbf7                XORIA    0x8
000001bc f2fc                BTRSC    STATUS, Z
000001bd c603                LGOTO    0x1fc; main.o:_02043_DS_=0x1fc
000001be feba                MOVR     0x45, ToAcc
000001bf dbf6                XORIA    0x9
000001c0 f2fc                BTRSC    STATUS, Z
000001c1 c5fc                LGOTO    0x203; main.o:_02044_DS_=0x203
000001c2 feba                MOVR     0x45, ToAcc
000001c3 dbf5                XORIA    0xa
000001c4 f2fc                BTRSC    STATUS, Z
000001c5 c632                LGOTO    0x1cd; main.o:_02038_DS_=0x1cd
000001c6 c5f5                LGOTO    0x20a; main.o:_02046_DS_=0x20a
main.o:_02037_DS_:
000001c7 fd3a                CLRR     0x45
000001c8 defe                MOVIA    0x1
000001c9 ff4c                MOVAR    0x33
000001ca e728                BSR      0x57, 0x1
000001cb e327                BCR      0x58, 0x1
000001cc c5f5                LGOTO    0x20a; main.o:_02046_DS_=0x20a
main.o:_02038_DS_:
000001cd fd3a                CLRR     0x45
000001ce fd4c                CLRR     0x33
000001cf e327                BCR      0x58, 0x1
000001d0 e0a5                BCR      0x5a, 0x6
000001d1 e2a6                BCR      0x59, 0x2
000001d2 fd36                CLRR     0x49
000001d3 defb                MOVIA    0x4
000001d4 d5f4                LCALL    0x20b; _led_mode_set=0x20b
000001d5 de69                MOVIA    0x96
000001d6 ff19                MOVAR    0x66
000001d7 c5f5                LGOTO    0x20a; main.o:_02046_DS_=0x20a
main.o:_02039_DS_:
000001d8 fd3a                CLRR     0x45
000001d9 fd4c                CLRR     0x33
000001da e327                BCR      0x58, 0x1
000001db fd36                CLRR     0x49
000001dc de69                MOVIA    0x96
000001dd ff19                MOVAR    0x66
000001de defc                MOVIA    0x3
000001df d5f4                LCALL    0x20b; _led_mode_set=0x20b
000001e0 c5f5                LGOTO    0x20a; main.o:_02046_DS_=0x20a
main.o:_02040_DS_:
000001e1 fd3a                CLRR     0x45
000001e2 fd4c                CLRR     0x33
000001e3 e327                BCR      0x58, 0x1
000001e4 e4a8                BSR      0x57, 0x6
000001e5 e1a8                BCR      0x57, 0x4
000001e6 e3a6                BCR      0x59, 0x0
000001e7 e2a6                BCR      0x59, 0x2
000001e8 fd36                CLRR     0x49
000001e9 fd4e                CLRR     0x31
000001ea e128                BCR      0x57, 0x5
000001eb defe                MOVIA    0x1
000001ec d4d6                LCALL    0x329; _adc_init4=0x329
000001ed def8                MOVIA    0x7
000001ee d5f4                LCALL    0x20b; _led_mode_set=0x20b
000001ef c5f5                LGOTO    0x20a; main.o:_02046_DS_=0x20a
main.o:_02041_DS_:
000001f0 fd3a                CLRR     0x45
000001f1 e5a8                BSR      0x57, 0x4
000001f2 def7                MOVIA    0x8
000001f3 d5f4                LCALL    0x20b; _led_mode_set=0x20b
000001f4 c5f5                LGOTO    0x20a; main.o:_02046_DS_=0x20a
main.o:_02042_DS_:
000001f5 fd3a                CLRR     0x45
000001f6 fd36                CLRR     0x49
000001f7 def6                MOVIA    0x9
000001f8 d5f4                LCALL    0x20b; _led_mode_set=0x20b
000001f9 e0a8                BCR      0x57, 0x6
000001fa e1a8                BCR      0x57, 0x4
000001fb c5f5                LGOTO    0x20a; main.o:_02046_DS_=0x20a
main.o:_02043_DS_:
000001fc fd3a                CLRR     0x45
000001fd fd4c                CLRR     0x33
000001fe e327                BCR      0x58, 0x1
000001ff e528                BSR      0x57, 0x5
00000200 defa                MOVIA    0x5
00000201 d5f4                LCALL    0x20b; _led_mode_set=0x20b
00000202 c5f5                LGOTO    0x20a; main.o:_02046_DS_=0x20a
main.o:_02044_DS_:
00000203 fd3a                CLRR     0x45
00000204 fd4c                CLRR     0x33
00000205 e327                BCR      0x58, 0x1
00000206 e2a6                BCR      0x59, 0x2
00000207 e126                BCR      0x59, 0x5
00000208 def5                MOVIA    0xa
00000209 d5f4                LCALL    0x20b; _led_mode_set=0x20b
main.o:_02046_DS_:
0000020a ffef                RET
_led_mode_set:
0000020b ff29                MOVAR    0x56
0000020c def4                MOVIA    0xb
0000020d fba9                SUBAR    0x56, ToAcc
0000020e f3fc                BTRSC    STATUS, C
0000020f c5a3                LGOTO    0x25c; led.o:_02334_DS_=0x25c
00000210 defd                MOVIA    0x2
00000211 ff75                MOVAR    PCHBUF
00000212 fea9                MOVR     0x56, ToAcc
00000213 dae8                ADDIA    0x17
00000214 f3fc                BTRSC    STATUS, C
00000215 fa75                INCR     PCHBUF, ToReg
00000216 ff7d                MOVAR    PCL
led.o:_02342_DS_:
00000217 c5a3                LGOTO    0x25c; led.o:_02334_DS_=0x25c
00000218 c5dd                LGOTO    0x222; led.o:_02324_DS_=0x222
00000219 c5d7                LGOTO    0x228; led.o:_02325_DS_=0x228
0000021a c5d3                LGOTO    0x22c; led.o:_02326_DS_=0x22c
0000021b c5cf                LGOTO    0x230; led.o:_02327_DS_=0x230
0000021c c5c7                LGOTO    0x238; led.o:_02328_DS_=0x238
0000021d c5bf                LGOTO    0x240; led.o:_02329_DS_=0x240
0000021e c5b7                LGOTO    0x248; led.o:_02330_DS_=0x248
0000021f c5b3                LGOTO    0x24c; led.o:_02331_DS_=0x24c
00000220 c5af                LGOTO    0x250; led.o:_02332_DS_=0x250
00000221 c5ab                LGOTO    0x254; led.o:_02333_DS_=0x254
led.o:_02324_DS_:
00000222 fea9                MOVR     0x56, ToAcc
00000223 ff15                MOVAR    0x6a
00000224 de9b                MOVIA    0x64
00000225 ff1c                MOVAR    0x63
00000226 fd1b                CLRR     0x64
00000227 c5a1                LGOTO    0x25e; led.o:_02336_DS_=0x25e
led.o:_02325_DS_:
00000228 fea9                MOVR     0x56, ToAcc
00000229 ff15                MOVAR    0x6a
0000022a e279                BCR      PORTB, PB3
0000022b c5a1                LGOTO    0x25e; led.o:_02336_DS_=0x25e
led.o:_02326_DS_:
0000022c fea9                MOVR     0x56, ToAcc
0000022d ff15                MOVAR    0x6a
0000022e e679                BSR      PORTB, PB3
0000022f c5a1                LGOTO    0x25e; led.o:_02336_DS_=0x25e
led.o:_02327_DS_:
00000230 fea9                MOVR     0x56, ToAcc
00000231 ff15                MOVAR    0x6a
00000232 decd                MOVIA    0x32
00000233 ff1c                MOVAR    0x63
00000234 fd1b                CLRR     0x64
00000235 defd                MOVIA    0x2
00000236 ff14                MOVAR    0x6b
00000237 c5a1                LGOTO    0x25e; led.o:_02336_DS_=0x25e
led.o:_02328_DS_:
00000238 fea9                MOVR     0x56, ToAcc
00000239 ff15                MOVAR    0x6a
0000023a decd                MOVIA    0x32
0000023b ff1c                MOVAR    0x63
0000023c fd1b                CLRR     0x64
0000023d def5                MOVIA    0xa
0000023e ff14                MOVAR    0x6b
0000023f c5a1                LGOTO    0x25e; led.o:_02336_DS_=0x25e
led.o:_02329_DS_:
00000240 fea9                MOVR     0x56, ToAcc
00000241 ff15                MOVAR    0x6a
00000242 decd                MOVIA    0x32
00000243 ff1c                MOVAR    0x63
00000244 fd1b                CLRR     0x64
00000245 defd                MOVIA    0x2
00000246 ff14                MOVAR    0x6b
00000247 c5a1                LGOTO    0x25e; led.o:_02336_DS_=0x25e
led.o:_02330_DS_:
00000248 fea9                MOVR     0x56, ToAcc
00000249 ff15                MOVAR    0x6a
0000024a e279                BCR      PORTB, PB3
0000024b c5a1                LGOTO    0x25e; led.o:_02336_DS_=0x25e
led.o:_02331_DS_:
0000024c fea9                MOVR     0x56, ToAcc
0000024d ff15                MOVAR    0x6a
0000024e e679                BSR      PORTB, PB3
0000024f c5a1                LGOTO    0x25e; led.o:_02336_DS_=0x25e
led.o:_02332_DS_:
00000250 fea9                MOVR     0x56, ToAcc
00000251 ff15                MOVAR    0x6a
00000252 e679                BSR      PORTB, PB3
00000253 c5a1                LGOTO    0x25e; led.o:_02336_DS_=0x25e
led.o:_02333_DS_:
00000254 fea9                MOVR     0x56, ToAcc
00000255 ff15                MOVAR    0x6a
00000256 decd                MOVIA    0x32
00000257 ff1c                MOVAR    0x63
00000258 fd1b                CLRR     0x64
00000259 defa                MOVIA    0x5
0000025a ff14                MOVAR    0x6b
0000025b c5a1                LGOTO    0x25e; led.o:_02336_DS_=0x25e
led.o:_02334_DS_:
0000025c fd15                CLRR     0x6a
0000025d e679                BSR      PORTB, PB3
led.o:_02336_DS_:
0000025e ffef                RET
_led_dis_loop_func:
0000025f fe95                MOVR     0x6a, ToAcc
00000260 dbfe                XORIA    0x1
00000261 f2fc                BTRSC    STATUS, Z
00000262 c58f                LGOTO    0x270; led.o:_02241_DS_=0x270
00000263 fe95                MOVR     0x6a, ToAcc
00000264 dbfb                XORIA    0x4
00000265 f2fc                BTRSC    STATUS, Z
00000266 c57f                LGOTO    0x280; led.o:_02248_DS_=0x280
00000267 fe95                MOVR     0x6a, ToAcc
00000268 dbfa                XORIA    0x5
00000269 f2fc                BTRSC    STATUS, Z
0000026a c57f                LGOTO    0x280; led.o:_02248_DS_=0x280
0000026b fe95                MOVR     0x6a, ToAcc
0000026c dbf5                XORIA    0xa
0000026d f2fc                BTRSC    STATUS, Z
0000026e c57f                LGOTO    0x280; led.o:_02248_DS_=0x280
0000026f c557                LGOTO    0x2a8; led.o:_02266_DS_=0x2a8
led.o:_02241_DS_:
00000270 fe9b                MOVR     0x64, ToAcc
00000271 ee9c                IORAR    0x63, ToAcc
00000272 f2fc                BTRSC    STATUS, Z
00000273 c557                LGOTO    0x2a8; led.o:_02266_DS_=0x2a8
00000274 e279                BCR      PORTB, PB3
00000275 de00                MOVIA    0xff
00000276 fc1c                ADDAR    0x63, ToReg
00000277 de00                MOVIA    0xff
00000278 cb1b                ADCAR    0x64, ToReg
00000279 fe9b                MOVR     0x64, ToAcc
0000027a ee9c                IORAR    0x63, ToAcc
0000027b f6fc                BTRSS    STATUS, Z
0000027c c557                LGOTO    0x2a8; led.o:_02266_DS_=0x2a8
0000027d e679                BSR      PORTB, PB3
0000027e fd15                CLRR     0x6a
0000027f c557                LGOTO    0x2a8; led.o:_02266_DS_=0x2a8
led.o:_02248_DS_:
00000280 de00                MOVIA    0xff
00000281 fc1c                ADDAR    0x63, ToReg
00000282 de00                MOVIA    0xff
00000283 cb1b                ADCAR    0x64, ToReg
00000284 dee6                MOVIA    0x19
00000285 fb9c                SUBAR    0x63, ToAcc
00000286 deff                MOVIA    0x0
00000287 ca9b                SBCAR    0x64, ToAcc
00000288 f7fc                BTRSS    STATUS, C
00000289 c573                LGOTO    0x28c; led.o:_02262_DS_=0x28c
0000028a e679                BSR      PORTB, PB3
0000028b c557                LGOTO    0x2a8; led.o:_02266_DS_=0x2a8
led.o:_02262_DS_:
0000028c fe9b                MOVR     0x64, ToAcc
0000028d ee9c                IORAR    0x63, ToAcc
0000028e f2fc                BTRSC    STATUS, Z
0000028f c56d                LGOTO    0x292; led.o:_02259_DS_=0x292
00000290 e279                BCR      PORTB, PB3
00000291 c557                LGOTO    0x2a8; led.o:_02266_DS_=0x2a8
led.o:_02259_DS_:
00000292 fe9b                MOVR     0x64, ToAcc
00000293 ee9c                IORAR    0x63, ToAcc
00000294 f6fc                BTRSS    STATUS, Z
00000295 c557                LGOTO    0x2a8; led.o:_02266_DS_=0x2a8
00000296 fe94                MOVR     0x6b, ToAcc
00000297 f2fc                BTRSC    STATUS, Z
00000298 c557                LGOTO    0x2a8; led.o:_02266_DS_=0x2a8
00000299 f914                DECR     0x6b, ToReg
0000029a fe94                MOVR     0x6b, ToAcc
0000029b f2fc                BTRSC    STATUS, Z
0000029c c55e                LGOTO    0x2a1; led.o:_02252_DS_=0x2a1
0000029d decd                MOVIA    0x32
0000029e ff1c                MOVAR    0x63
0000029f fd1b                CLRR     0x64
000002a0 c557                LGOTO    0x2a8; led.o:_02266_DS_=0x2a8
led.o:_02252_DS_:
000002a1 fe94                MOVR     0x6b, ToAcc
000002a2 f6fc                BTRSS    STATUS, Z
000002a3 c557                LGOTO    0x2a8; led.o:_02266_DS_=0x2a8
000002a4 fd1c                CLRR     0x63
000002a5 fd1b                CLRR     0x64
000002a6 e679                BSR      PORTB, PB3
000002a7 fd15                CLRR     0x6a
led.o:_02266_DS_:
000002a8 ffef                RET
_BaseBatSetPWMValue:
000002a9 dea3                MOVIA    0x5c
000002aa fbdb                SUBAR    0x24, ToAcc
000002ab def7                MOVIA    0x8
000002ac cada                SBCAR    0x25, ToAcc
000002ad f7fc                BTRSS    STATUS, C
000002ae c546                LGOTO    0x2b9; detect.o:_02119_DS_=0x2b9
000002af fed8                MOVR     0x27, ToAcc
000002b0 eed9                IORAR    0x26, ToAcc
000002b1 f2fc                BTRSC    STATUS, Z
000002b2 c549                LGOTO    0x2b6; detect.o:_02098_DS_=0x2b6
000002b3 debd                MOVIA    0x42
000002b4 ff4d                MOVAR    0x32
000002b5 c514                LGOTO    0x2eb; detect.o:_02121_DS_=0x2eb
detect.o:_02098_DS_:
000002b6 dec6                MOVIA    0x39
000002b7 ff4d                MOVAR    0x32
000002b8 c514                LGOTO    0x2eb; detect.o:_02121_DS_=0x2eb
detect.o:_02119_DS_:
000002b9 ded6                MOVIA    0x29
000002ba fbdb                SUBAR    0x24, ToAcc
000002bb def7                MOVIA    0x8
000002bc cada                SBCAR    0x25, ToAcc
000002bd f7fc                BTRSS    STATUS, C
000002be c536                LGOTO    0x2c9; detect.o:_02116_DS_=0x2c9
000002bf fed8                MOVR     0x27, ToAcc
000002c0 eed9                IORAR    0x26, ToAcc
000002c1 f2fc                BTRSC    STATUS, Z
000002c2 c539                LGOTO    0x2c6; detect.o:_02101_DS_=0x2c6
000002c3 debd                MOVIA    0x42
000002c4 ff4d                MOVAR    0x32
000002c5 c514                LGOTO    0x2eb; detect.o:_02121_DS_=0x2eb
detect.o:_02101_DS_:
000002c6 dec4                MOVIA    0x3b
000002c7 ff4d                MOVAR    0x32
000002c8 c514                LGOTO    0x2eb; detect.o:_02121_DS_=0x2eb
detect.o:_02116_DS_:
000002c9 de0a                MOVIA    0xf5
000002ca fbdb                SUBAR    0x24, ToAcc
000002cb def8                MOVIA    0x7
000002cc cada                SBCAR    0x25, ToAcc
000002cd f7fc                BTRSS    STATUS, C
000002ce c526                LGOTO    0x2d9; detect.o:_02113_DS_=0x2d9
000002cf fed8                MOVR     0x27, ToAcc
000002d0 eed9                IORAR    0x26, ToAcc
000002d1 f2fc                BTRSC    STATUS, Z
000002d2 c529                LGOTO    0x2d6; detect.o:_02104_DS_=0x2d6
000002d3 deba                MOVIA    0x45
000002d4 ff4d                MOVAR    0x32
000002d5 c514                LGOTO    0x2eb; detect.o:_02121_DS_=0x2eb
detect.o:_02104_DS_:
000002d6 dec0                MOVIA    0x3f
000002d7 ff4d                MOVAR    0x32
000002d8 c514                LGOTO    0x2eb; detect.o:_02121_DS_=0x2eb
detect.o:_02113_DS_:
000002d9 de3d                MOVIA    0xc2
000002da fbdb                SUBAR    0x24, ToAcc
000002db def8                MOVIA    0x7
000002dc cada                SBCAR    0x25, ToAcc
000002dd f7fc                BTRSS    STATUS, C
000002de c516                LGOTO    0x2e9; detect.o:_02110_DS_=0x2e9
000002df fed8                MOVR     0x27, ToAcc
000002e0 eed9                IORAR    0x26, ToAcc
000002e1 f2fc                BTRSC    STATUS, Z
000002e2 c519                LGOTO    0x2e6; detect.o:_02107_DS_=0x2e6
000002e3 deb9                MOVIA    0x46
000002e4 ff4d                MOVAR    0x32
000002e5 c514                LGOTO    0x2eb; detect.o:_02121_DS_=0x2eb
detect.o:_02107_DS_:
000002e6 debb                MOVIA    0x44
000002e7 ff4d                MOVAR    0x32
000002e8 c514                LGOTO    0x2eb; detect.o:_02121_DS_=0x2eb
detect.o:_02110_DS_:
000002e9 deb9                MOVIA    0x46
000002ea ff4d                MOVAR    0x32
detect.o:_02121_DS_:
000002eb ffef                RET
_MicScan:
000002ec f5a6                BTRSS    0x59, 0x4
000002ed c4d7                LGOTO    0x328; key.o:_02030_DS_=0x328
key.o:_02010_DS_:
000002ee e1a6                BCR      0x59, 0x4
000002ef feb2                MOVR     0x4d, ToAcc
000002f0 dbfe                XORIA    0x1
000002f1 f2fc                BTRSC    STATUS, Z
000002f2 c4ee                LGOTO    0x311; key.o:_02022_DS_=0x311
000002f3 fd37                CLRR     0x48
000002f4 f3f9                BTRSC    PORTB, PB0
000002f5 fa37                INCR     0x48, ToReg
000002f6 feb7                MOVR     0x48, ToAcc
000002f7 dbfe                XORIA    0x1
000002f8 f6fc                BTRSS    STATUS, Z
000002f9 c4fc                LGOTO    0x303; key.o:_02019_DS_=0x303
000002fa fd38                CLRR     0x47
000002fb def5                MOVIA    0xa
000002fc fbb9                SUBAR    0x46, ToAcc
000002fd f3fc                BTRSC    STATUS, C
000002fe c4fe                LGOTO    0x301; key.o:_02012_DS_=0x301
000002ff fa39                INCR     0x46, ToReg
00000300 c4ee                LGOTO    0x311; key.o:_02022_DS_=0x311
key.o:_02012_DS_:
00000301 e527                BSR      0x58, 0x5
00000302 c4ee                LGOTO    0x311; key.o:_02022_DS_=0x311
key.o:_02019_DS_:
00000303 fa38                INCR     0x47, ToReg
00000304 def4                MOVIA    0xb
00000305 fbb8                SUBAR    0x47, ToAcc
00000306 f7fc                BTRSS    STATUS, C
00000307 c4ee                LGOTO    0x311; key.o:_02022_DS_=0x311
00000308 fd38                CLRR     0x47
00000309 e127                BCR      0x58, 0x5
0000030a fd39                CLRR     0x46
0000030b fecc                MOVR     0x33, ToAcc
0000030c dbfa                XORIA    0x5
0000030d f6fc                BTRSS    STATUS, Z
0000030e c4ee                LGOTO    0x311; key.o:_02022_DS_=0x311
0000030f fd3f                CLRR     0x40
00000310 e6f9                BSR      PORTB, PB2
key.o:_02022_DS_:
00000311 fdff                CLRA
00000312 f1a7                BTRSC    0x58, 0x4
00000313 da7f                ADDIA    0x80
00000314 f127                BTRSC    0x58, 0x5
00000315 da7f                ADDIA    0x80
00000316 f2fc                BTRSC    STATUS, Z
00000317 c4d7                LGOTO    0x328; key.o:_02030_DS_=0x328
00000318 f527                BTRSS    0x58, 0x5
00000319 e1a7                BCR      0x58, 0x4
0000031a f127                BTRSC    0x58, 0x5
0000031b e5a7                BSR      0x58, 0x4
0000031c f5a7                BTRSS    0x58, 0x4
0000031d c4de                LGOTO    0x321; key.o:_02026_DS_=0x321
0000031e defe                MOVIA    0x1
0000031f ff3a                MOVAR    0x45
00000320 c4d7                LGOTO    0x328; key.o:_02030_DS_=0x328
key.o:_02026_DS_:
00000321 fecc                MOVR     0x33, ToAcc
00000322 dbfa                XORIA    0x5
00000323 f6fc                BTRSS    STATUS, Z
00000324 c4d7                LGOTO    0x328; key.o:_02030_DS_=0x328
00000325 e327                BCR      0x58, 0x1
00000326 defd                MOVIA    0x2
00000327 ff3a                MOVAR    0x45
key.o:_02030_DS_:
00000328 ffef                RET
_adc_init4:
00000329 ff45                MOVAR    0x3a
0000032a ff1a                MOVAR    0x65
0000032b defe                MOVIA    0x1
0000032c ff69                MOVAR    PACON
0000032d fec5                MOVR     0x3a, ToAcc
0000032e dbfe                XORIA    0x1
0000032f f6fc                BTRSS    STATUS, Z
00000330 c4c6                LGOTO    0x339; init.o:_02067_DS_=0x339
00000331 fd6c                CLRR     ADVREFH
00000332 deef                MOVIA    0x10
00000333 ff6e                MOVAR    ADR
00000334 defc                MOVIA    0x3
00000335 ff6b                MOVAR    ADCR
00000336 de64                MOVIA    0x9b
00000337 ff6f                MOVAR    ADMD
00000338 c4ad                LGOTO    0x352; init.o:_02068_DS_=0x352
init.o:_02067_DS_:
00000339 fec5                MOVR     0x3a, ToAcc
0000033a dbfd                XORIA    0x2
0000033b f6fc                BTRSS    STATUS, Z
0000033c c4b9                LGOTO    0x346; init.o:_02064_DS_=0x346
0000033d defe                MOVIA    0x1
0000033e ff6c                MOVAR    ADVREFH
0000033f deef                MOVIA    0x10
00000340 ff6e                MOVAR    ADR
00000341 defc                MOVIA    0x3
00000342 ff6b                MOVAR    ADCR
00000343 de6f                MOVIA    0x90
00000344 ff6f                MOVAR    ADMD
00000345 c4ad                LGOTO    0x352; init.o:_02068_DS_=0x352
init.o:_02064_DS_:
00000346 fec5                MOVR     0x3a, ToAcc
00000347 dbfc                XORIA    0x3
00000348 f6fc                BTRSS    STATUS, Z
00000349 c4ad                LGOTO    0x352; init.o:_02068_DS_=0x352
0000034a defc                MOVIA    0x3
0000034b ff6c                MOVAR    ADVREFH
0000034c decf                MOVIA    0x30
0000034d ff6e                MOVAR    ADR
0000034e def0                MOVIA    0xf
0000034f ff6b                MOVAR    ADCR
00000350 de6f                MOVIA    0x90
00000351 ff6f                MOVAR    ADMD
init.o:_02068_DS_:
00000352 e5ef                BSR      ADMD, GCHS
00000353 e06e                BCR      ADR, ADIF
00000354 e0ee                BCR      ADR, ADIE
00000355 decd                MOVIA    0x32
00000356 ff45                MOVAR    0x3a
init.o:_02072_DS_:
00000357 e845                DECRSZ   0x3a, ToReg
00000358 c4a8                LGOTO    0x357; init.o:_02072_DS_=0x357
00000359 e0ef                BCR      ADMD, START
0000035a ffef                RET
_charge_check_by_IO:
0000035b feb2                MOVR     0x4d, ToAcc
0000035c dbfe                XORIA    0x1
0000035d f2fc                BTRSC    STATUS, Z
0000035e c49f                LGOTO    0x360; detect.o:_02207_DS_=0x360
0000035f f026                BTRSC    0x59, 0x7
detect.o:_02207_DS_:
00000360 c483                LGOTO    0x37c; detect.o:_02225_DS_=0x37c
detect.o:_02208_DS_:
00000361 f628                BTRSS    0x57, 0x3
00000362 c483                LGOTO    0x37c; detect.o:_02225_DS_=0x37c
00000363 e228                BCR      0x57, 0x3
00000364 f6fa                BTRSS    PORTA, PA2
00000365 c48c                LGOTO    0x373; detect.o:_02221_DS_=0x373
00000366 f0a8                BTRSC    0x57, 0x6
00000367 c483                LGOTO    0x37c; detect.o:_02225_DS_=0x37c
00000368 deeb                MOVIA    0x14
00000369 fbcf                SUBAR    0x30, ToAcc
0000036a f3fc                BTRSC    STATUS, C
0000036b c491                LGOTO    0x36e; detect.o:_02211_DS_=0x36e
0000036c fa4f                INCR     0x30, ToReg
0000036d c483                LGOTO    0x37c; detect.o:_02225_DS_=0x37c
detect.o:_02211_DS_:
0000036e fd5f                CLRR     0x20
0000036f fd5e                CLRR     0x21
00000370 defc                MOVIA    0x3
00000371 ff3a                MOVAR    0x45
00000372 c483                LGOTO    0x37c; detect.o:_02225_DS_=0x37c
detect.o:_02221_DS_:
00000373 f4a8                BTRSS    0x57, 0x6
00000374 c483                LGOTO    0x37c; detect.o:_02225_DS_=0x37c
00000375 fecf                MOVR     0x30, ToAcc
00000376 f2fc                BTRSC    STATUS, Z
00000377 c485                LGOTO    0x37a; detect.o:_02216_DS_=0x37a
00000378 f94f                DECR     0x30, ToReg
00000379 c483                LGOTO    0x37c; detect.o:_02225_DS_=0x37c
detect.o:_02216_DS_:
0000037a defb                MOVIA    0x4
0000037b ff3a                MOVAR    0x45
detect.o:_02225_DS_:
0000037c ffef                RET
_led_param_init:
0000037d fd36                CLRR     0x49
0000037e fd34                CLRR     0x4b
0000037f fd33                CLRR     0x4c
00000380 fd31                CLRR     0x4e
00000381 fd30                CLRR     0x4f
00000382 fd35                CLRR     0x4a
00000383 fd2e                CLRR     0x51
00000384 fd2d                CLRR     0x52
00000385 fd32                CLRR     0x4d
00000386 fd2c                CLRR     0x53
00000387 fd2f                CLRR     0x50
00000388 fd2a                CLRR     0x55
00000389 fd2b                CLRR     0x54
0000038a e2a6                BCR      0x59, 0x2
0000038b ffef                RET
_gpio_init:
0000038c fd7a                CLRR     PORTA
0000038d def3                MOVIA    0xc
0000038e ff79                MOVAR    PORTB
0000038f deda                MOVIA    0x25
00000390 fffa                IOST     IOSTA
00000391 defe                MOVIA    0x1
00000392 fff9                IOST     IOSTB
00000393 de20                MOVIA    0xdf
00000394 fff6                IOST     APHCON
00000395 dec0                MOVIA    0x3f
00000396 ff73                MOVAR    BPHCON
00000397 de00                MOVIA    0xff
00000398 ff74                MOVAR    ABPLCON
00000399 defb                MOVIA    0x4
0000039a ff6a                MOVAR    AWUCON
0000039b defe                MOVIA    0x1
0000039c ff76                MOVAR    BWUCON
0000039d fd69                CLRR     PACON
0000039e e0eb                BCR      ADCR, PBCON5
0000039f e16b                BCR      ADCR, PBCON4
000003a0 e1eb                BCR      ADCR, PBCON3
000003a1 fdff                CLRA
000003a2 fff3                IOST     BODCON
000003a3 ffef                RET
___cinit_load__:
___cinit_run__:
000003a4 e0fc                BCR      STATUS, BK0
000003a5 fd19                CLRR     0x66
000003a6 fd22                CLRR     0x5d
000003a7 fd21                CLRR     0x5e
000003a8 fd20                CLRR     0x5f
000003a9 fd1f                CLRR     0x60
000003aa fd1e                CLRR     0x61
000003ab fd1d                CLRR     0x62
000003ac fd18                CLRR     0x67
000003ad fd17                CLRR     0x68
000003ae fd16                CLRR     0x69
000003af fd15                CLRR     0x6a
000003b0 fd1c                CLRR     0x63
000003b1 fd1b                CLRR     0x64
000003b2 fd14                CLRR     0x6b
000003b3 defe                MOVIA    0x1
000003b4 ff1a                MOVAR    0x65
000003b5 ffef                RET
_main:
000003b6 d3f9                LCALL    0x406; _system_init=0x406
000003b7 d413                LCALL    0x3ec; _common_param_init=0x3ec
000003b8 d41c                LCALL    0x3e3; _isr_param_init=0x3e3
000003b9 d3ef                LCALL    0x410; _key_param_init=0x410
000003ba d482                LCALL    0x37d; _led_param_init=0x37d
000003bb d40c                LCALL    0x3f3; _sleep_param_init=0x3f3
000003bc e227                BCR      0x58, 0x3
000003bd defe                MOVIA    0x1
000003be d5f4                LCALL    0x20b; _led_mode_set=0x20b
main.o:_02032_DS_:
000003bf fffd                CLRWDT
000003c0 d513                LCALL    0x2ec; _MicScan=0x2ec
000003c1 d659                LCALL    0x1a6; _msg_handle=0x1a6
000003c2 d4a4                LCALL    0x35b; _charge_check_by_IO=0x35b
000003c3 d7f6                LCALL    0x9; _SmokeFun=0x9
000003c4 c440                LGOTO    0x3bf; main.o:_02032_DS_=0x3bf
000003c5 ffef                RET
_timer0_init:
000003c6 ffe0                IOSTR    PCON1
000003c7 ff46                MOVAR    0x39
000003c8 e3c6                BCR      0x39, 0x0
000003c9 fec6                MOVR     0x39, ToAcc
000003ca fff0                IOST     PCON1
000003cb de5c                MOVIA    0xa3
000003cc ff7e                MOVAR    TMR0
000003cd fdff                CLRA
000003ce fffc                T0MD
000003cf ffe0                IOSTR    PCON1
000003d0 ff46                MOVAR    0x39
000003d1 e7c6                BSR      0x39, 0x0
000003d2 fec6                MOVR     0x39, ToAcc
000003d3 fff0                IOST     PCON1
000003d4 ffef                RET
_lvd_init:
000003d5 e577                BSR      PCON, LVDEN
000003d6 ffe0                IOSTR    PCON1
000003d7 ff44                MOVAR    0x3b
000003d8 de1c                MOVIA    0xe3
000003d9 ef44                ANDAR    0x3b, ToReg
000003da fec4                MOVR     0x3b, ToAcc
000003db fff0                IOST     PCON1
000003dc ffe0                IOSTR    PCON1
000003dd ff44                MOVAR    0x3b
000003de deeb                MOVIA    0x14
000003df ee44                IORAR    0x3b, ToReg
000003e0 fec4                MOVR     0x3b, ToAcc
000003e1 fff0                IOST     PCON1
000003e2 ffef                RET
_isr_param_init:
000003e3 dee6                MOVIA    0x19
000003e4 ff43                MOVAR    0x3c
000003e5 de9b                MOVIA    0x64
000003e6 ff42                MOVAR    0x3d
000003e7 fd41                CLRR     0x3e
000003e8 fd40                CLRR     0x3f
000003e9 fd3f                CLRR     0x40
000003ea fd18                CLRR     0x67
000003eb ffef                RET
_common_param_init:
000003ec fd28                CLRR     0x57
000003ed fd27                CLRR     0x58
000003ee fd26                CLRR     0x59
000003ef fd25                CLRR     0x5a
000003f0 fd3a                CLRR     0x45
000003f1 e7a8                BSR      0x57, 0x0
000003f2 ffef                RET
_sleep_param_init:
000003f3 debf                MOVIA    0x40
000003f4 ff51                MOVAR    0x2e
000003f5 dec7                MOVIA    0x38
000003f6 ff50                MOVAR    0x2f
000003f7 e227                BCR      0x58, 0x3
000003f8 fd24                CLRR     0x5b
000003f9 fd23                CLRR     0x5c
000003fa ffef                RET
_timer1_init:
000003fb fdff                CLRA
000003fc ffbe                SFUN     T1CR1
000003fd def7                MOVIA    0x8
000003fe ffbd                SFUN     T1CR2
000003ff fd66                CLRR     TMRH
00000400 dece                MOVIA    0x31
00000401 ffbf                SFUN     TMR1
00000402 defc                MOVIA    0x3
00000403 ffbe                SFUN     T1CR1
00000404 e671                BSR      INTE, T1IE
00000405 ffef                RET
_system_init:
00000406 ffec                DISI
00000407 d473                LCALL    0x38c; _gpio_init=0x38c
00000408 d439                LCALL    0x3c6; _timer0_init=0x3c6
00000409 d404                LCALL    0x3fb; _timer1_init=0x3fb
0000040a d3e2                LCALL    0x41d; _wdt_init=0x41d
0000040b d42a                LCALL    0x3d5; _lvd_init=0x3d5
0000040c d7f9                LCALL    0x6; _lvr_init=0x6
0000040d d3e9                LCALL    0x416; _isr_init=0x416
0000040e fffb                ENI
0000040f ffef                RET
_key_param_init:
00000410 fd39                CLRR     0x46
00000411 e1a7                BCR      0x58, 0x4
00000412 e127                BCR      0x58, 0x5
00000413 fd38                CLRR     0x47
00000414 fd3a                CLRR     0x45
00000415 ffef                RET
_isr_init:
00000416 defa                MOVIA    0x5
00000417 ff67                MOVAR    INTEDG
00000418 def4                MOVIA    0xb
00000419 ff71                MOVAR    INTE
0000041a fd60                CLRR     INTE2
0000041b fd70                CLRR     INTF
0000041c ffef                RET
_wdt_init:
0000041d e477                BSR      PCON, WDTEN
0000041e ffef                RET
__checksum:
__CHECKSUM_ADDR__:
